<?xml version="1.0" encoding="UTF-8"?>
<testsuites name="jest tests" tests="488" failures="0" errors="0" time="8.418">
  <testsuite name="MigrationRunner" errors="0" failures="0" skipped="0" timestamp="2026-07-28T19:25:03" time="2.815" tests="30">
    <testcase classname="MigrationRunner constructor validation should reject when database is not provided" name="MigrationRunner constructor validation should reject when database is not provided" time="0.249">
    </testcase>
    <testcase classname="MigrationRunner register migration should register a valid migration" name="MigrationRunner register migration should register a valid migration" time="0.005">
    </testcase>
    <testcase classname="MigrationRunner register migration should reject migration without version" name="MigrationRunner register migration should reject migration without version" time="0.004">
    </testcase>
    <testcase classname="MigrationRunner register migration should reject migration with non-integer version" name="MigrationRunner register migration should reject migration with non-integer version" time="0.004">
    </testcase>
    <testcase classname="MigrationRunner register migration should reject migration with version less than 1" name="MigrationRunner register migration should reject migration with version less than 1" time="0.004">
    </testcase>
    <testcase classname="MigrationRunner register migration should reject migration without name" name="MigrationRunner register migration should reject migration without name" time="0.013">
    </testcase>
    <testcase classname="MigrationRunner register migration should reject migration without up function" name="MigrationRunner register migration should reject migration without up function" time="0.006">
    </testcase>
    <testcase classname="MigrationRunner register migration should reject duplicate migration version" name="MigrationRunner register migration should reject duplicate migration version" time="0.005">
    </testcase>
    <testcase classname="MigrationRunner register migration should return sorted registered migrations by version" name="MigrationRunner register migration should return sorted registered migrations by version" time="0.013">
    </testcase>
    <testcase classname="MigrationRunner migration state queries should return empty applied migrations on fresh database" name="MigrationRunner migration state queries should return empty applied migrations on fresh database" time="0.015">
    </testcase>
    <testcase classname="MigrationRunner migration state queries should return empty pending migrations on fresh database" name="MigrationRunner migration state queries should return empty pending migrations on fresh database" time="0.005">
    </testcase>
    <testcase classname="MigrationRunner migration state queries should report pending migrations after registration" name="MigrationRunner migration state queries should report pending migrations after registration" time="0.004">
    </testcase>
    <testcase classname="MigrationRunner migration state queries should show no pending after migrations are applied" name="MigrationRunner migration state queries should show no pending after migrations are applied" time="0.019">
    </testcase>
    <testcase classname="MigrationRunner migration execution should create meta table and run a migration" name="MigrationRunner migration execution should create meta table and run a migration" time="0.019">
    </testcase>
    <testcase classname="MigrationRunner migration execution should execute migration up function with database instance" name="MigrationRunner migration execution should execute migration up function with database instance" time="0.016">
    </testcase>
    <testcase classname="MigrationRunner migration execution should record migration to meta table after success" name="MigrationRunner migration execution should record migration to meta table after success" time="0.018">
    </testcase>
    <testcase classname="MigrationRunner idempotency should not re-apply already applied migrations" name="MigrationRunner idempotency should not re-apply already applied migrations" time="0.036">
    </testcase>
    <testcase classname="MigrationRunner idempotency should only apply new migrations on subsequent runs" name="MigrationRunner idempotency should only apply new migrations on subsequent runs" time="0.03">
    </testcase>
    <testcase classname="MigrationRunner idempotency should be idempotent across multiple runs" name="MigrationRunner idempotency should be idempotent across multiple runs" time="0.03">
    </testcase>
    <testcase classname="MigrationRunner migration ordering should apply migrations in version order" name="MigrationRunner migration ordering should apply migrations in version order" time="0.026">
    </testcase>
    <testcase classname="MigrationRunner migration failure handling should throw error when a migration fails" name="MigrationRunner migration failure handling should throw error when a migration fails" time="0.062">
    </testcase>
    <testcase classname="MigrationRunner migration failure handling should not record a failed migration" name="MigrationRunner migration failure handling should not record a failed migration" time="0.055">
    </testcase>
    <testcase classname="MigrationRunner migration failure handling should keep state consistent after a migration failure" name="MigrationRunner migration failure handling should keep state consistent after a migration failure" time="0.025">
    </testcase>
    <testcase classname="MigrationRunner migration failure handling should allow fixing and re-running after failure" name="MigrationRunner migration failure handling should allow fixing and re-running after failure" time="0.028">
    </testcase>
    <testcase classname="MigrationRunner transaction behavior should wrap migration and recording in a transaction" name="MigrationRunner transaction behavior should wrap migration and recording in a transaction" time="0.015">
    </testcase>
    <testcase classname="MigrationRunner transaction behavior should roll back if migration throws and not record it" name="MigrationRunner transaction behavior should roll back if migration throws and not record it" time="0.011">
    </testcase>
    <testcase classname="MigrationRunner existing database functionality should not break normal query execution" name="MigrationRunner existing database functionality should not break normal query execution" time="0.004">
    </testcase>
    <testcase classname="MigrationRunner existing database functionality should not break transactions" name="MigrationRunner existing database functionality should not break transactions" time="0.007">
    </testcase>
    <testcase classname="MigrationRunner existing database functionality should not break schema initialization" name="MigrationRunner existing database functionality should not break schema initialization" time="0.01">
    </testcase>
    <testcase classname="MigrationRunner existing database functionality should coexist with repository operations" name="MigrationRunner existing database functionality should coexist with repository operations" time="0.029">
    </testcase>
  </testsuite>
  <testsuite name="Student Lifecycle Integration" errors="0" failures="0" skipped="0" timestamp="2026-07-28T19:25:03" time="2.85" tests="13">
    <testcase classname="Student Lifecycle Integration complete student lifecycle (create → get → update → get → deactivate → reactivate → verify) should execute full student lifecycle end-to-end" name="Student Lifecycle Integration complete student lifecycle (create → get → update → get → deactivate → reactivate → verify) should execute full student lifecycle end-to-end" time="0.334">
    </testcase>
    <testcase classname="Student Lifecycle Integration lifecycle error cases should reject duplicate student number" name="Student Lifecycle Integration lifecycle error cases should reject duplicate student number" time="0.09">
    </testcase>
    <testcase classname="Student Lifecycle Integration lifecycle error cases should throw when retrieving non-existent student" name="Student Lifecycle Integration lifecycle error cases should throw when retrieving non-existent student" time="0.035">
    </testcase>
    <testcase classname="Student Lifecycle Integration lifecycle error cases should throw when reactivating already active student" name="Student Lifecycle Integration lifecycle error cases should throw when reactivating already active student" time="0.032">
    </testcase>
    <testcase classname="Student Lifecycle Integration lifecycle error cases should throw when reactivating non-existent student" name="Student Lifecycle Integration lifecycle error cases should throw when reactivating non-existent student" time="0.014">
    </testcase>
    <testcase classname="Student Lifecycle Integration lifecycle error cases should throw when reactivating with null id" name="Student Lifecycle Integration lifecycle error cases should throw when reactivating with null id" time="0.012">
    </testcase>
    <testcase classname="Student Lifecycle Integration lifecycle error cases should allow deactivate → reactivate → deactivate cycle" name="Student Lifecycle Integration lifecycle error cases should allow deactivate → reactivate → deactivate cycle" time="0.063">
    </testcase>
    <testcase classname="Student Lifecycle Integration lifecycle error cases should throw when deactivating already inactive student" name="Student Lifecycle Integration lifecycle error cases should throw when deactivating already inactive student" time="0.034">
    </testcase>
    <testcase classname="Student Lifecycle Integration lifecycle error cases should list active students after deactivation" name="Student Lifecycle Integration lifecycle error cases should list active students after deactivation" time="0.044">
    </testcase>
    <testcase classname="Student Lifecycle Integration lifecycle error cases should search across multiple fields" name="Student Lifecycle Integration lifecycle error cases should search across multiple fields" time="0.051">
    </testcase>
    <testcase classname="Student Lifecycle Integration lifecycle error cases should reject invalid student data on creation" name="Student Lifecycle Integration lifecycle error cases should reject invalid student data on creation" time="0.022">
    </testcase>
    <testcase classname="Student Lifecycle Integration cross-operation data consistency should maintain data integrity across multiple operations" name="Student Lifecycle Integration cross-operation data consistency should maintain data integrity across multiple operations" time="0.041">
    </testcase>
    <testcase classname="Student Lifecycle Integration cross-operation data consistency should track updated_at changes through the lifecycle" name="Student Lifecycle Integration cross-operation data consistency should track updated_at changes through the lifecycle" time="0.042">
    </testcase>
  </testsuite>
  <testsuite name="Attendance Lifecycle Integration" errors="0" failures="0" skipped="0" timestamp="2026-07-28T19:25:03" time="2.97" tests="1">
    <testcase classname="Attendance Lifecycle Integration complete attendance workflow should execute full attendance lifecycle end-to-end" name="Attendance Lifecycle Integration complete attendance workflow should execute full attendance lifecycle end-to-end" time="0.854">
    </testcase>
  </testsuite>
  <testsuite name="Academic Structure + Student Integration" errors="0" failures="0" skipped="0" timestamp="2026-07-28T19:25:03" time="3.266" tests="13">
    <testcase classname="Academic Structure + Student Integration end-to-end academic structure and student workflow should build complete academic structure and enroll student" name="Academic Structure + Student Integration end-to-end academic structure and student workflow should build complete academic structure and enroll student" time="0.581">
    </testcase>
    <testcase classname="Academic Structure + Student Integration relationship validation should reject section under non-existent class" name="Academic Structure + Student Integration relationship validation should reject section under non-existent class" time="0.149">
    </testcase>
    <testcase classname="Academic Structure + Student Integration relationship validation should reject class under non-existent academic year" name="Academic Structure + Student Integration relationship validation should reject class under non-existent academic year" time="0.024">
    </testcase>
    <testcase classname="Academic Structure + Student Integration relationship validation should reject duplicate class name in same academic year" name="Academic Structure + Student Integration relationship validation should reject duplicate class name in same academic year" time="0.039">
    </testcase>
    <testcase classname="Academic Structure + Student Integration relationship validation should reject duplicate section name in same class" name="Academic Structure + Student Integration relationship validation should reject duplicate section name in same class" time="0.042">
    </testcase>
    <testcase classname="Academic Structure + Student Integration relationship validation should reject duplicate subject name" name="Academic Structure + Student Integration relationship validation should reject duplicate subject name" time="0.023">
    </testcase>
    <testcase classname="Academic Structure + Student Integration relationship validation should reject duplicate subject code" name="Academic Structure + Student Integration relationship validation should reject duplicate subject code" time="0.028">
    </testcase>
    <testcase classname="Academic Structure + Student Integration relationship validation should reject enrolling student in non-existent academic year" name="Academic Structure + Student Integration relationship validation should reject enrolling student in non-existent academic year" time="0.048">
    </testcase>
    <testcase classname="Academic Structure + Student Integration relationship validation should reject enrolling student in non-existent class" name="Academic Structure + Student Integration relationship validation should reject enrolling student in non-existent class" time="0.029">
    </testcase>
    <testcase classname="Academic Structure + Student Integration relationship validation should reject duplicate enrollment" name="Academic Structure + Student Integration relationship validation should reject duplicate enrollment" time="0.046">
    </testcase>
    <testcase classname="Academic Structure + Student Integration error propagation should propagate repository errors for updateClass" name="Academic Structure + Student Integration error propagation should propagate repository errors for updateClass" time="0.025">
    </testcase>
    <testcase classname="Academic Structure + Student Integration error propagation should propagate repository errors for updateSection" name="Academic Structure + Student Integration error propagation should propagate repository errors for updateSection" time="0.03">
    </testcase>
    <testcase classname="Academic Structure + Student Integration error propagation should propagate repository errors for updateSubject" name="Academic Structure + Student Integration error propagation should propagate repository errors for updateSubject" time="0.026">
    </testcase>
  </testsuite>
  <testsuite name="Implementation Components" errors="0" failures="0" skipped="0" timestamp="2026-07-28T19:25:03" time="3.362" tests="43">
    <testcase classname="Implementation Components should properly initialize all components" name="Implementation Components should properly initialize all components" time="0.31">
    </testcase>
    <testcase classname="Implementation Components should execute basic functionality of each component" name="Implementation Components should execute basic functionality of each component" time="0.045">
    </testcase>
    <testcase classname="Implementation Components findById should throw when id is undefined or null" name="Implementation Components findById should throw when id is undefined or null" time="0.139">
    </testcase>
    <testcase classname="Implementation Components findById should not throw for a valid id" name="Implementation Components findById should not throw for a valid id" time="0.039">
    </testcase>
    <testcase classname="Implementation Components findById should return undefined when entity is not found" name="Implementation Components findById should return undefined when entity is not found" time="0.008">
    </testcase>
    <testcase classname="Implementation Components update should throw when entity is null or undefined" name="Implementation Components update should throw when entity is null or undefined" time="0.004">
    </testcase>
    <testcase classname="Implementation Components update should throw when entity is an array" name="Implementation Components update should throw when entity is an array" time="0.004">
    </testcase>
    <testcase classname="Implementation Components update should throw when no rows are affected (entity not found)" name="Implementation Components update should throw when no rows are affected (entity not found)" time="0.004">
    </testcase>
    <testcase classname="Implementation Components update should return updated entity when rows are affected" name="Implementation Components update should return updated entity when rows are affected" time="0.005">
    </testcase>
    <testcase classname="Implementation Components update should throw when id is undefined or null" name="Implementation Components update should throw when id is undefined or null" time="0.005">
    </testcase>
    <testcase classname="Implementation Components update should not call query when id is invalid" name="Implementation Components update should not call query when id is invalid" time="0.005">
    </testcase>
    <testcase classname="Implementation Components event bus should isolate failing handlers so other handlers still execute" name="Implementation Components event bus should isolate failing handlers so other handlers still execute" time="0.05">
    </testcase>
    <testcase classname="Implementation Components event bus should prevent duplicate handler subscriptions" name="Implementation Components event bus should prevent duplicate handler subscriptions" time="0.001">
    </testcase>
    <testcase classname="Implementation Components event bus should allow distinct handlers for the same event" name="Implementation Components event bus should allow distinct handlers for the same event" time="0.001">
    </testcase>
    <testcase classname="Implementation Components event bus should not skip handlers when another handler unsubscribes during publish" name="Implementation Components event bus should not skip handlers when another handler unsubscribes during publish" time="0.002">
    </testcase>
    <testcase classname="Implementation Components logger should pass full error object when transport fails" name="Implementation Components logger should pass full error object when transport fails" time="0.002">
    </testcase>
    <testcase classname="Implementation Components delete should throw when no rows are affected (entity not found)" name="Implementation Components delete should throw when no rows are affected (entity not found)" time="0.005">
    </testcase>
    <testcase classname="Implementation Components delete should return true when rows are affected" name="Implementation Components delete should return true when rows are affected" time="0.004">
    </testcase>
    <testcase classname="Implementation Components delete should throw when id is undefined or null" name="Implementation Components delete should throw when id is undefined or null" time="0.006">
    </testcase>
    <testcase classname="Implementation Components delete should not call query when id is invalid" name="Implementation Components delete should not call query when id is invalid" time="0.005">
    </testcase>
    <testcase classname="Implementation Components save should throw when entity is null or undefined" name="Implementation Components save should throw when entity is null or undefined" time="0.005">
    </testcase>
    <testcase classname="Implementation Components save should throw when entity is an array" name="Implementation Components save should throw when entity is an array" time="0.008">
    </testcase>
    <testcase classname="Implementation Components save should throw when no rows are affected (insert failed)" name="Implementation Components save should throw when no rows are affected (insert failed)" time="0.003">
    </testcase>
    <testcase classname="Implementation Components save should return saved entity when rows are affected" name="Implementation Components save should return saved entity when rows are affected" time="0.003">
    </testcase>
    <testcase classname="Implementation Components should maintain singleton instances for singletons" name="Implementation Components should maintain singleton instances for singletons" time="0.001">
    </testcase>
    <testcase classname="Repository data-integrity — partial update returns full entity StudentRepository.update should return full entity after partial update" name="Repository data-integrity — partial update returns full entity StudentRepository.update should return full entity after partial update" time="0.026">
    </testcase>
    <testcase classname="Repository data-integrity — partial update returns full entity StudentRepository.update with multiple partial fields returns full entity" name="Repository data-integrity — partial update returns full entity StudentRepository.update with multiple partial fields returns full entity" time="0.029">
    </testcase>
    <testcase classname="Repository data-integrity — partial update returns full entity AcademicStructureRepository.updateAcademicYear should return full entity" name="Repository data-integrity — partial update returns full entity AcademicStructureRepository.updateAcademicYear should return full entity" time="0.047">
    </testcase>
    <testcase classname="Repository data-integrity — partial update returns full entity StudentRepository.save persistence semantics should return persisted defaults when optional fields are omitted" name="Repository data-integrity — partial update returns full entity StudentRepository.save persistence semantics should return persisted defaults when optional fields are omitted" time="0.016">
    </testcase>
    <testcase classname="Repository data-integrity — partial update returns full entity StudentRepository.save persistence semantics should preserve explicit null email and date_of_birth" name="Repository data-integrity — partial update returns full entity StudentRepository.save persistence semantics should preserve explicit null email and date_of_birth" time="0.017">
    </testcase>
    <testcase classname="Repository data-integrity — partial update returns full entity StudentRepository.save persistence semantics should return input values when all fields are provided" name="Repository data-integrity — partial update returns full entity StudentRepository.save persistence semantics should return input values when all fields are provided" time="0.017">
    </testcase>
    <testcase classname="Repository data-integrity — partial update returns full entity AcademicStructureRepository.updateSubject should return full entity" name="Repository data-integrity — partial update returns full entity AcademicStructureRepository.updateSubject should return full entity" time="0.018">
    </testcase>
    <testcase classname="Repository data-integrity — partial update returns full entity AcademicStructureRepository.updateTeacher should return full entity" name="Repository data-integrity — partial update returns full entity AcademicStructureRepository.updateTeacher should return full entity" time="0.026">
    </testcase>
    <testcase classname="Repository data-integrity — partial update returns full entity AcademicStructureRepository.updateTerm should return full entity" name="Repository data-integrity — partial update returns full entity AcademicStructureRepository.updateTerm should return full entity" time="0.029">
    </testcase>
    <testcase classname="Repository data-integrity — partial update returns full entity AcademicStructureRepository findAcademicYearById contract should throw when id is undefined" name="Repository data-integrity — partial update returns full entity AcademicStructureRepository findAcademicYearById contract should throw when id is undefined" time="0.041">
    </testcase>
    <testcase classname="Repository data-integrity — partial update returns full entity AcademicStructureRepository findAcademicYearById contract should throw when id is null" name="Repository data-integrity — partial update returns full entity AcademicStructureRepository findAcademicYearById contract should throw when id is null" time="0.014">
    </testcase>
    <testcase classname="Repository data-integrity — partial update returns full entity AcademicStructureRepository findAcademicYearById contract should return record when id exists" name="Repository data-integrity — partial update returns full entity AcademicStructureRepository findAcademicYearById contract should return record when id exists" time="0.024">
    </testcase>
    <testcase classname="Repository data-integrity — partial update returns full entity AcademicStructureRepository findAcademicYearById contract should return undefined when id does not exist" name="Repository data-integrity — partial update returns full entity AcademicStructureRepository findAcademicYearById contract should return undefined when id does not exist" time="0.018">
    </testcase>
    <testcase classname="Repository data-integrity — partial update returns full entity AcademicStructureRepository saveAcademicYear input validation should throw when data is null" name="Repository data-integrity — partial update returns full entity AcademicStructureRepository saveAcademicYear input validation should throw when data is null" time="0.016">
    </testcase>
    <testcase classname="Repository data-integrity — partial update returns full entity AcademicStructureRepository saveAcademicYear input validation should throw when data is undefined" name="Repository data-integrity — partial update returns full entity AcademicStructureRepository saveAcademicYear input validation should throw when data is undefined" time="0.032">
    </testcase>
    <testcase classname="Repository data-integrity — partial update returns full entity AcademicStructureRepository saveAcademicYear input validation should throw when data is an array" name="Repository data-integrity — partial update returns full entity AcademicStructureRepository saveAcademicYear input validation should throw when data is an array" time="0.025">
    </testcase>
    <testcase classname="Repository data-integrity — partial update returns full entity AcademicStructureRepository saveAcademicYear input validation should throw when data is a non-object primitive" name="Repository data-integrity — partial update returns full entity AcademicStructureRepository saveAcademicYear input validation should throw when data is a non-object primitive" time="0.014">
    </testcase>
    <testcase classname="Repository data-integrity — partial update returns full entity AcademicStructureRepository saveAcademicYear input validation should save successfully with valid data" name="Repository data-integrity — partial update returns full entity AcademicStructureRepository saveAcademicYear input validation should save successfully with valid data" time="0.017">
    </testcase>
  </testsuite>
  <testsuite name="Dependency Injection Container" errors="0" failures="0" skipped="0" timestamp="2026-07-28T19:25:06" time="0.675" tests="10">
    <testcase classname="Dependency Injection Container should register and resolve services" name="Dependency Injection Container should register and resolve services" time="0.01">
    </testcase>
    <testcase classname="Dependency Injection Container should resolve dependencies correctly" name="Dependency Injection Container should resolve dependencies correctly" time="0.002">
    </testcase>
    <testcase classname="Dependency Injection Container should handle singleton services correctly" name="Dependency Injection Container should handle singleton services correctly" time="0.001">
    </testcase>
    <testcase classname="Dependency Injection Container should throw error for unregistered service" name="Dependency Injection Container should throw error for unregistered service" time="0.035">
    </testcase>
    <testcase classname="Dependency Injection Container should detect a direct circular dependency (a -&gt; b -&gt; a)" name="Dependency Injection Container should detect a direct circular dependency (a -&gt; b -&gt; a)" time="0.005">
    </testcase>
    <testcase classname="Dependency Injection Container should detect a self-referential circular dependency" name="Dependency Injection Container should detect a self-referential circular dependency" time="0.001">
    </testcase>
    <testcase classname="Dependency Injection Container should detect an indirect circular dependency (a -&gt; b -&gt; c -&gt; a)" name="Dependency Injection Container should detect an indirect circular dependency (a -&gt; b -&gt; c -&gt; a)" time="0.011">
    </testcase>
    <testcase classname="Dependency Injection Container should include the requesting chain when a nested dependency is missing" name="Dependency Injection Container should include the requesting chain when a nested dependency is missing" time="0.002">
    </testcase>
    <testcase classname="Dependency Injection Container should disconnect singletons on clear" name="Dependency Injection Container should disconnect singletons on clear" time="0.001">
    </testcase>
    <testcase classname="Dependency Injection Container should resolve a diamond dependency graph without a false-positive cycle" name="Dependency Injection Container should resolve a diamond dependency graph without a false-positive cycle" time="0.002">
    </testcase>
  </testsuite>
  <testsuite name="Configuration" errors="0" failures="0" skipped="0" timestamp="2026-07-28T19:25:06" time="0.588" tests="7">
    <testcase classname="Configuration should set and get configuration values" name="Configuration should set and get configuration values" time="0.003">
    </testcase>
    <testcase classname="Configuration should validate port configuration on set()" name="Configuration should validate port configuration on set()" time="0.042">
    </testcase>
    <testcase classname="Configuration should load valid configuration file successfully" name="Configuration should load valid configuration file successfully" time="0.002">
    </testcase>
    <testcase classname="Configuration should validate values when calling loadFromFile()" name="Configuration should validate values when calling loadFromFile()" time="0.002">
    </testcase>
    <testcase classname="Configuration should preserve previous valid configuration if loadFromFile() validation fails" name="Configuration should preserve previous valid configuration if loadFromFile() validation fails" time="0.003">
    </testcase>
    <testcase classname="Configuration should validate multiple values before committing any changes" name="Configuration should validate multiple values before committing any changes" time="0.003">
    </testcase>
    <testcase classname="Configuration should not corrupt configuration state when JSON is malformed" name="Configuration should not corrupt configuration state when JSON is malformed" time="0.003">
    </testcase>
  </testsuite>
  <testsuite name="Database Implementation" errors="0" failures="0" skipped="0" timestamp="2026-07-28T19:25:06" time="1.005" tests="28">
    <testcase classname="Database Implementation should initially be disconnected" name="Database Implementation should initially be disconnected" time="0.002">
    </testcase>
    <testcase classname="Database Implementation should throw error when executing query without connecting" name="Database Implementation should throw error when executing query without connecting" time="0.044">
    </testcase>
    <testcase classname="Database Implementation should successfully execute query when connected" name="Database Implementation should successfully execute query when connected" time="0.019">
    </testcase>
    <testcase classname="Database Implementation should throw error when connecting while already connected" name="Database Implementation should throw error when connecting while already connected" time="0.004">
    </testcase>
    <testcase classname="Database Implementation should allow reconnecting after disconnecting" name="Database Implementation should allow reconnecting after disconnecting" time="0.013">
    </testcase>
    <testcase classname="Database Implementation should rollback active transaction when disconnect is called" name="Database Implementation should rollback active transaction when disconnect is called" time="0.011">
    </testcase>
    <testcase classname="Database Implementation should not attempt rollback when disconnecting without active transaction" name="Database Implementation should not attempt rollback when disconnecting without active transaction" time="0.003">
    </testcase>
    <testcase classname="Database Implementation should still disconnect even if rollback fails" name="Database Implementation should still disconnect even if rollback fails" time="0.031">
    </testcase>
    <testcase classname="Database Implementation should throw error if connection status becomes disconnected" name="Database Implementation should throw error if connection status becomes disconnected" time="0.004">
    </testcase>
    <testcase classname="Database Implementation should throw error when query SQL is empty or invalid" name="Database Implementation should throw error when query SQL is empty or invalid" time="0.004">
    </testcase>
    <testcase classname="Database Implementation should throw error when query params is not an array" name="Database Implementation should throw error when query params is not an array" time="0.005">
    </testcase>
    <testcase classname="Database Implementation should accept array params" name="Database Implementation should accept array params" time="0.008">
    </testcase>
    <testcase classname="Database Implementation should accept query without explicit params (default empty array)" name="Database Implementation should accept query without explicit params (default empty array)" time="0.005">
    </testcase>
    <testcase classname="Database Implementation should handle transactions and commit on success" name="Database Implementation should handle transactions and commit on success" time="0.008">
    </testcase>
    <testcase classname="Database Implementation should automatically roll back transaction on error and rethrow" name="Database Implementation should automatically roll back transaction on error and rethrow" time="0.011">
    </testcase>
    <testcase classname="Database Implementation should preserve original error when rollback itself fails" name="Database Implementation should preserve original error when rollback itself fails" time="0.027">
    </testcase>
    <testcase classname="Database Implementation should throw error if nested or duplicate transaction is started" name="Database Implementation should throw error if nested or duplicate transaction is started" time="0.008">
    </testcase>
    <testcase classname="Database Implementation should initialize schema atomically" name="Database Implementation should initialize schema atomically" time="0.01">
    </testcase>
    <testcase classname="Database Implementation should roll back and keep schemaInitialized false if schema statement fails" name="Database Implementation should roll back and keep schemaInitialized false if schema statement fails" time="0.031">
    </testcase>
    <testcase classname="Database Implementation Transaction data consistency transaction rollback should undo INSERT" name="Database Implementation Transaction data consistency transaction rollback should undo INSERT" time="0.017">
    </testcase>
    <testcase classname="Database Implementation Transaction data consistency transaction commit should persist INSERT" name="Database Implementation Transaction data consistency transaction commit should persist INSERT" time="0.013">
    </testcase>
    <testcase classname="Database Implementation Transaction data consistency transaction rollback should undo UPDATE" name="Database Implementation Transaction data consistency transaction rollback should undo UPDATE" time="0.026">
    </testcase>
    <testcase classname="Database Implementation Transaction data consistency transaction rollback should undo DELETE" name="Database Implementation Transaction data consistency transaction rollback should undo DELETE" time="0.013">
    </testcase>
    <testcase classname="Database Implementation should throw error if initializeSchema is called without connection or with invalid statements" name="Database Implementation should throw error if initializeSchema is called without connection or with invalid statements" time="0.012">
    </testcase>
    <testcase classname="Database Implementation WHERE != operator SELECT with != should exclude matching rows" name="Database Implementation WHERE != operator SELECT with != should exclude matching rows" time="0.011">
    </testcase>
    <testcase classname="Database Implementation WHERE != operator SELECT with != combined with AND should work" name="Database Implementation WHERE != operator SELECT with != combined with AND should work" time="0.01">
    </testcase>
    <testcase classname="Database Implementation WHERE != operator UPDATE with != should only update non-matching rows" name="Database Implementation WHERE != operator UPDATE with != should only update non-matching rows" time="0.01">
    </testcase>
    <testcase classname="Database Implementation WHERE != operator DELETE with != should only delete non-matching rows" name="Database Implementation WHERE != operator DELETE with != should only delete non-matching rows" time="0.013">
    </testcase>
  </testsuite>
  <testsuite name="Integration Tests" errors="0" failures="0" skipped="0" timestamp="2026-07-28T19:25:06" time="1.094" tests="12">
    <testcase classname="Integration Tests should be able to resolve all registered services without errors" name="Integration Tests should be able to resolve all registered services without errors" time="0.042">
    </testcase>
    <testcase classname="Integration Tests should maintain proper dependency injection throughout the system" name="Integration Tests should maintain proper dependency injection throughout the system" time="0.003">
    </testcase>
    <testcase classname="Integration Tests should support complex service interactions" name="Integration Tests should support complex service interactions" time="0.003">
    </testcase>
    <testcase classname="Integration Tests should handle service lifecycle correctly" name="Integration Tests should handle service lifecycle correctly" time="0.001">
    </testcase>
    <testcase classname="Integration Tests migration startup integration should resolve migrationRunner from container" name="Integration Tests migration startup integration should resolve migrationRunner from container" time="0.003">
    </testcase>
    <testcase classname="Integration Tests migration startup integration migrationRunner should have access to database" name="Integration Tests migration startup integration migrationRunner should have access to database" time="0.002">
    </testcase>
    <testcase classname="Integration Tests migration startup integration startup should run pending migrations from migrations directory" name="Integration Tests migration startup integration startup should run pending migrations from migrations directory" time="0.152">
    </testcase>
    <testcase classname="Integration Tests migration startup integration startup should be idempotent" name="Integration Tests migration startup integration startup should be idempotent" time="0.172">
    </testcase>
    <testcase classname="Integration Tests student service DI integration should resolve studentRepository with database dependency" name="Integration Tests student service DI integration should resolve studentRepository with database dependency" time="0.002">
    </testcase>
    <testcase classname="Integration Tests student service DI integration should resolve studentService with studentRepository dependency" name="Integration Tests student service DI integration should resolve studentService with studentRepository dependency" time="0.003">
    </testcase>
    <testcase classname="Integration Tests academic structure DI integration should resolve academicStructureRepository with database dependency" name="Integration Tests academic structure DI integration should resolve academicStructureRepository with database dependency" time="0.003">
    </testcase>
    <testcase classname="Integration Tests academic structure DI integration should resolve academicStructureService with repository dependency" name="Integration Tests academic structure DI integration should resolve academicStructureService with repository dependency" time="0.003">
    </testcase>
  </testsuite>
  <testsuite name="StudentService" errors="0" failures="0" skipped="0" timestamp="2026-07-28T19:25:03" time="4.112" tests="65">
    <testcase classname="StudentService createStudent should create a student with valid data" name="StudentService createStudent should create a student with valid data" time="0.242">
    </testcase>
    <testcase classname="StudentService createStudent should set default status to active" name="StudentService createStudent should set default status to active" time="0.021">
    </testcase>
    <testcase classname="StudentService createStudent should throw when data is null or undefined" name="StudentService createStudent should throw when data is null or undefined" time="0.113">
    </testcase>
    <testcase classname="StudentService createStudent should throw when data is an array" name="StudentService createStudent should throw when data is an array" time="0.018">
    </testcase>
    <testcase classname="StudentService createStudent should throw when first_name is missing" name="StudentService createStudent should throw when first_name is missing" time="0.014">
    </testcase>
    <testcase classname="StudentService createStudent should throw when first_name is empty" name="StudentService createStudent should throw when first_name is empty" time="0.014">
    </testcase>
    <testcase classname="StudentService createStudent should throw when last_name is missing" name="StudentService createStudent should throw when last_name is missing" time="0.051">
    </testcase>
    <testcase classname="StudentService createStudent should throw when student_number is missing" name="StudentService createStudent should throw when student_number is missing" time="0.013">
    </testcase>
    <testcase classname="StudentService createStudent should throw when email format is invalid" name="StudentService createStudent should throw when email format is invalid" time="0.019">
    </testcase>
    <testcase classname="StudentService createStudent should accept null email" name="StudentService createStudent should accept null email" time="0.018">
    </testcase>
    <testcase classname="StudentService createStudent should throw when student_number already exists" name="StudentService createStudent should throw when student_number already exists" time="0.051">
    </testcase>
    <testcase classname="StudentService getStudent should return a student by id" name="StudentService getStudent should return a student by id" time="0.019">
    </testcase>
    <testcase classname="StudentService getStudent should throw when id is null or undefined" name="StudentService getStudent should throw when id is null or undefined" time="0.053">
    </testcase>
    <testcase classname="StudentService getStudent should throw when student is not found" name="StudentService getStudent should throw when student is not found" time="0.016">
    </testcase>
    <testcase classname="StudentService findByStudentNumber should find a student by student number" name="StudentService findByStudentNumber should find a student by student number" time="0.019">
    </testcase>
    <testcase classname="StudentService findByStudentNumber should throw when student number is not provided" name="StudentService findByStudentNumber should throw when student number is not provided" time="0.013">
    </testcase>
    <testcase classname="StudentService findByStudentNumber should throw when student is not found by number" name="StudentService findByStudentNumber should throw when student is not found by number" time="0.014">
    </testcase>
    <testcase classname="StudentService updateStudent should update student information" name="StudentService updateStudent should update student information" time="0.03">
    </testcase>
    <testcase classname="StudentService updateStudent should throw when id is null or undefined" name="StudentService updateStudent should throw when id is null or undefined" time="0.013">
    </testcase>
    <testcase classname="StudentService updateStudent should throw when data is null or undefined" name="StudentService updateStudent should throw when data is null or undefined" time="0.011">
    </testcase>
    <testcase classname="StudentService updateStudent should throw when student is not found" name="StudentService updateStudent should throw when student is not found" time="0.018">
    </testcase>
    <testcase classname="StudentService updateStudent should throw when updating student_number" name="StudentService updateStudent should throw when updating student_number" time="0.018">
    </testcase>
    <testcase classname="StudentService updateStudent should throw when first_name is set to empty" name="StudentService updateStudent should throw when first_name is set to empty" time="0.019">
    </testcase>
    <testcase classname="StudentService updateStudent should validate email format on update" name="StudentService updateStudent should validate email format on update" time="0.03">
    </testcase>
    <testcase classname="StudentService updateStudent should reject invalid status value" name="StudentService updateStudent should reject invalid status value" time="0.042">
    </testcase>
    <testcase classname="StudentService deactivateStudent should deactivate an active student" name="StudentService deactivateStudent should deactivate an active student" time="0.039">
    </testcase>
    <testcase classname="StudentService deactivateStudent should throw when student is already inactive" name="StudentService deactivateStudent should throw when student is already inactive" time="0.02">
    </testcase>
    <testcase classname="StudentService deactivateStudent should throw for non-existent student" name="StudentService deactivateStudent should throw for non-existent student" time="0.022">
    </testcase>
    <testcase classname="StudentService deactivateStudent should throw when id is null or undefined" name="StudentService deactivateStudent should throw when id is null or undefined" time="0.017">
    </testcase>
    <testcase classname="StudentService reactivateStudent should reactivate an inactive student" name="StudentService reactivateStudent should reactivate an inactive student" time="0.028">
    </testcase>
    <testcase classname="StudentService reactivateStudent should throw when reactivating an already active student" name="StudentService reactivateStudent should throw when reactivating an already active student" time="0.018">
    </testcase>
    <testcase classname="StudentService reactivateStudent should throw for non-existent student" name="StudentService reactivateStudent should throw for non-existent student" time="0.017">
    </testcase>
    <testcase classname="StudentService reactivateStudent should throw when id is null or undefined" name="StudentService reactivateStudent should throw when id is null or undefined" time="0.017">
    </testcase>
    <testcase classname="StudentService reactivateStudent should allow deactivate → reactivate → deactivate cycle" name="StudentService reactivateStudent should allow deactivate → reactivate → deactivate cycle" time="0.044">
    </testcase>
    <testcase classname="StudentService listStudents should list all students" name="StudentService listStudents should list all students" time="0.047">
    </testcase>
    <testcase classname="StudentService listStudents should filter students by status" name="StudentService listStudents should filter students by status" time="0.037">
    </testcase>
    <testcase classname="StudentService listStudents should throw for invalid status filter" name="StudentService listStudents should throw for invalid status filter" time="0.012">
    </testcase>
    <testcase classname="StudentService listStudents should return empty array when no students exist" name="StudentService listStudents should return empty array when no students exist" time="0.023">
    </testcase>
    <testcase classname="StudentService searchStudents should search students by name" name="StudentService searchStudents should search students by name" time="0.027">
    </testcase>
    <testcase classname="StudentService searchStudents should search by student number" name="StudentService searchStudents should search by student number" time="0.031">
    </testcase>
    <testcase classname="StudentService searchStudents should search by email" name="StudentService searchStudents should search by email" time="0.022">
    </testcase>
    <testcase classname="StudentService searchStudents should throw when query is empty" name="StudentService searchStudents should throw when query is empty" time="0.012">
    </testcase>
    <testcase classname="StudentService searchStudents should return empty array for no matches" name="StudentService searchStudents should return empty array for no matches" time="0.019">
    </testcase>
    <testcase classname="StudentService enrollStudent should enroll a student in an academic year" name="StudentService enrollStudent should enroll a student in an academic year" time="0.046">
    </testcase>
    <testcase classname="StudentService enrollStudent should enroll a student in an academic year with class and section" name="StudentService enrollStudent should enroll a student in an academic year with class and section" time="0.042">
    </testcase>
    <testcase classname="StudentService enrollStudent should throw when student id is null or undefined" name="StudentService enrollStudent should throw when student id is null or undefined" time="0.031">
    </testcase>
    <testcase classname="StudentService enrollStudent should throw when student does not exist" name="StudentService enrollStudent should throw when student does not exist" time="0.033">
    </testcase>
    <testcase classname="StudentService enrollStudent should throw when enrolling an inactive student" name="StudentService enrollStudent should throw when enrolling an inactive student" time="0.046">
    </testcase>
    <testcase classname="StudentService enrollStudent should throw when academic year id is missing" name="StudentService enrollStudent should throw when academic year id is missing" time="0.034">
    </testcase>
    <testcase classname="StudentService enrollStudent should throw when academic year does not exist" name="StudentService enrollStudent should throw when academic year does not exist" time="0.033">
    </testcase>
    <testcase classname="StudentService enrollStudent should throw when enrolling in an inactive academic year" name="StudentService enrollStudent should throw when enrolling in an inactive academic year" time="0.037">
    </testcase>
    <testcase classname="StudentService enrollStudent should throw when class does not exist" name="StudentService enrollStudent should throw when class does not exist" time="0.046">
    </testcase>
    <testcase classname="StudentService enrollStudent should throw when class is inactive" name="StudentService enrollStudent should throw when class is inactive" time="0.037">
    </testcase>
    <testcase classname="StudentService enrollStudent should throw when section does not exist" name="StudentService enrollStudent should throw when section does not exist" time="0.046">
    </testcase>
    <testcase classname="StudentService enrollStudent should throw when section is inactive" name="StudentService enrollStudent should throw when section is inactive" time="0.042">
    </testcase>
    <testcase classname="StudentService enrollStudent should throw on duplicate enrollment" name="StudentService enrollStudent should throw on duplicate enrollment" time="0.053">
    </testcase>
    <testcase classname="StudentService enrollStudent should allow enrollment in different academic years" name="StudentService enrollStudent should allow enrollment in different academic years" time="0.041">
    </testcase>
    <testcase classname="StudentService lifecycle error cases should throw when updating a missing student" name="StudentService lifecycle error cases should throw when updating a missing student" time="0.012">
    </testcase>
    <testcase classname="StudentService lifecycle error cases should throw when deactivating a missing student" name="StudentService lifecycle error cases should throw when deactivating a missing student" time="0.011">
    </testcase>
    <testcase classname="StudentService lifecycle error cases should throw when reactivating a missing student" name="StudentService lifecycle error cases should throw when reactivating a missing student" time="0.012">
    </testcase>
    <testcase classname="StudentService lifecycle error cases should throw when searching with empty query" name="StudentService lifecycle error cases should throw when searching with empty query" time="0.011">
    </testcase>
    <testcase classname="StudentService lifecycle error cases should return empty list for search with no matches" name="StudentService lifecycle error cases should return empty list for search with no matches" time="0.014">
    </testcase>
    <testcase classname="StudentService lifecycle error cases should throw when listing with invalid status filter" name="StudentService lifecycle error cases should throw when listing with invalid status filter" time="0.011">
    </testcase>
    <testcase classname="StudentService error propagation should propagate repository errors for getStudent" name="StudentService error propagation should propagate repository errors for getStudent" time="0.015">
    </testcase>
    <testcase classname="StudentService error propagation should rollback enrollment when a multi-step operation fails" name="StudentService error propagation should rollback enrollment when a multi-step operation fails" time="0.026">
    </testcase>
  </testsuite>
  <testsuite name="AcademicStructureService" errors="0" failures="0" skipped="0" timestamp="2026-07-28T19:25:03" time="5.332" tests="128">
    <testcase classname="AcademicStructureService createAcademicYear should create an academic year with valid data" name="AcademicStructureService createAcademicYear should create an academic year with valid data" time="0.292">
    </testcase>
    <testcase classname="AcademicStructureService createAcademicYear should throw when data is null or undefined" name="AcademicStructureService createAcademicYear should throw when data is null or undefined" time="0.137">
    </testcase>
    <testcase classname="AcademicStructureService createAcademicYear should throw when data is an array" name="AcademicStructureService createAcademicYear should throw when data is an array" time="0.021">
    </testcase>
    <testcase classname="AcademicStructureService createAcademicYear should throw when name is missing" name="AcademicStructureService createAcademicYear should throw when name is missing" time="0.046">
    </testcase>
    <testcase classname="AcademicStructureService createAcademicYear should throw when name is empty" name="AcademicStructureService createAcademicYear should throw when name is empty" time="0.02">
    </testcase>
    <testcase classname="AcademicStructureService createAcademicYear should throw when start_date is missing" name="AcademicStructureService createAcademicYear should throw when start_date is missing" time="0.028">
    </testcase>
    <testcase classname="AcademicStructureService createAcademicYear should throw when end_date is missing" name="AcademicStructureService createAcademicYear should throw when end_date is missing" time="0.016">
    </testcase>
    <testcase classname="AcademicStructureService createAcademicYear should throw when end date is before start date" name="AcademicStructureService createAcademicYear should throw when end date is before start date" time="0.018">
    </testcase>
    <testcase classname="AcademicStructureService createAcademicYear should throw when end date equals start date" name="AcademicStructureService createAcademicYear should throw when end date equals start date" time="0.016">
    </testcase>
    <testcase classname="AcademicStructureService createAcademicYear should throw when academic year name already exists" name="AcademicStructureService createAcademicYear should throw when academic year name already exists" time="0.041">
    </testcase>
    <testcase classname="AcademicStructureService createAcademicYear should accept custom status" name="AcademicStructureService createAcademicYear should accept custom status" time="0.029">
    </testcase>
    <testcase classname="AcademicStructureService getAcademicYear should return an academic year by id" name="AcademicStructureService getAcademicYear should return an academic year by id" time="0.021">
    </testcase>
    <testcase classname="AcademicStructureService getAcademicYear should throw when id is null or undefined" name="AcademicStructureService getAcademicYear should throw when id is null or undefined" time="0.027">
    </testcase>
    <testcase classname="AcademicStructureService getAcademicYear should throw when academic year not found" name="AcademicStructureService getAcademicYear should throw when academic year not found" time="0.028">
    </testcase>
    <testcase classname="AcademicStructureService updateAcademicYear should update academic year name" name="AcademicStructureService updateAcademicYear should update academic year name" time="0.034">
    </testcase>
    <testcase classname="AcademicStructureService updateAcademicYear should throw when id is null" name="AcademicStructureService updateAcademicYear should throw when id is null" time="0.043">
    </testcase>
    <testcase classname="AcademicStructureService updateAcademicYear should throw when data is null" name="AcademicStructureService updateAcademicYear should throw when data is null" time="0.019">
    </testcase>
    <testcase classname="AcademicStructureService updateAcademicYear should throw when setting name to empty" name="AcademicStructureService updateAcademicYear should throw when setting name to empty" time="0.033">
    </testcase>
    <testcase classname="AcademicStructureService updateAcademicYear should throw on duplicate name after rename" name="AcademicStructureService updateAcademicYear should throw on duplicate name after rename" time="0.042">
    </testcase>
    <testcase classname="AcademicStructureService updateAcademicYear should reject invalid status" name="AcademicStructureService updateAcademicYear should reject invalid status" time="0.025">
    </testcase>
    <testcase classname="AcademicStructureService updateAcademicYear should reject end date before start date" name="AcademicStructureService updateAcademicYear should reject end date before start date" time="0.032">
    </testcase>
    <testcase classname="AcademicStructureService activateAcademicYear / deactivateAcademicYear should activate an academic year" name="AcademicStructureService activateAcademicYear / deactivateAcademicYear should activate an academic year" time="0.032">
    </testcase>
    <testcase classname="AcademicStructureService activateAcademicYear / deactivateAcademicYear should deactivate an academic year" name="AcademicStructureService activateAcademicYear / deactivateAcademicYear should deactivate an academic year" time="0.032">
    </testcase>
    <testcase classname="AcademicStructureService listAcademicYears should list all academic years" name="AcademicStructureService listAcademicYears should list all academic years" time="0.034">
    </testcase>
    <testcase classname="AcademicStructureService listAcademicYears should filter academic years by status" name="AcademicStructureService listAcademicYears should filter academic years by status" time="0.053">
    </testcase>
    <testcase classname="AcademicStructureService listAcademicYears should throw for invalid status filter" name="AcademicStructureService listAcademicYears should throw for invalid status filter" time="0.023">
    </testcase>
    <testcase classname="AcademicStructureService createTerm should create a term within an academic year" name="AcademicStructureService createTerm should create a term within an academic year" time="0.047">
    </testcase>
    <testcase classname="AcademicStructureService createTerm should throw when academic year does not exist" name="AcademicStructureService createTerm should throw when academic year does not exist" time="0.037">
    </testcase>
    <testcase classname="AcademicStructureService createTerm should throw when academic year id is null" name="AcademicStructureService createTerm should throw when academic year id is null" time="0.029">
    </testcase>
    <testcase classname="AcademicStructureService createTerm should throw when term data is invalid" name="AcademicStructureService createTerm should throw when term data is invalid" time="0.021">
    </testcase>
    <testcase classname="AcademicStructureService createTerm should throw when term name is missing" name="AcademicStructureService createTerm should throw when term name is missing" time="0.022">
    </testcase>
    <testcase classname="AcademicStructureService createTerm should throw when term end date is before start date" name="AcademicStructureService createTerm should throw when term end date is before start date" time="0.02">
    </testcase>
    <testcase classname="AcademicStructureService createTerm should throw when term dates are outside academic year" name="AcademicStructureService createTerm should throw when term dates are outside academic year" time="0.024">
    </testcase>
    <testcase classname="AcademicStructureService createTerm should throw when term starts before academic year" name="AcademicStructureService createTerm should throw when term starts before academic year" time="0.022">
    </testcase>
    <testcase classname="AcademicStructureService createTerm should throw when term ends after academic year" name="AcademicStructureService createTerm should throw when term ends after academic year" time="0.025">
    </testcase>
    <testcase classname="AcademicStructureService createTerm should throw on overlapping terms" name="AcademicStructureService createTerm should throw on overlapping terms" time="0.027">
    </testcase>
    <testcase classname="AcademicStructureService createTerm should allow adjacent non-overlapping terms" name="AcademicStructureService createTerm should allow adjacent non-overlapping terms" time="0.032">
    </testcase>
    <testcase classname="AcademicStructureService getTerm should return a term by id" name="AcademicStructureService getTerm should return a term by id" time="0.024">
    </testcase>
    <testcase classname="AcademicStructureService getTerm should throw when term not found" name="AcademicStructureService getTerm should throw when term not found" time="0.028">
    </testcase>
    <testcase classname="AcademicStructureService updateTerm should update term name" name="AcademicStructureService updateTerm should update term name" time="0.044">
    </testcase>
    <testcase classname="AcademicStructureService updateTerm should throw when id is null" name="AcademicStructureService updateTerm should throw when id is null" time="0.027">
    </testcase>
    <testcase classname="AcademicStructureService updateTerm should throw when data is null" name="AcademicStructureService updateTerm should throw when data is null" time="0.03">
    </testcase>
    <testcase classname="AcademicStructureService updateTerm should throw when name is empty" name="AcademicStructureService updateTerm should throw when name is empty" time="0.033">
    </testcase>
    <testcase classname="AcademicStructureService updateTerm should reject invalid status" name="AcademicStructureService updateTerm should reject invalid status" time="0.038">
    </testcase>
    <testcase classname="AcademicStructureService updateTerm should reject end date before start date" name="AcademicStructureService updateTerm should reject end date before start date" time="0.029">
    </testcase>
    <testcase classname="AcademicStructureService updateTerm should reject dates outside academic year" name="AcademicStructureService updateTerm should reject dates outside academic year" time="0.032">
    </testcase>
    <testcase classname="AcademicStructureService updateTerm should reject overlapping dates" name="AcademicStructureService updateTerm should reject overlapping dates" time="0.053">
    </testcase>
    <testcase classname="AcademicStructureService listTermsByAcademicYear should list terms for an academic year" name="AcademicStructureService listTermsByAcademicYear should list terms for an academic year" time="0.028">
    </testcase>
    <testcase classname="AcademicStructureService listTermsByAcademicYear should throw when academic year id is null" name="AcademicStructureService listTermsByAcademicYear should throw when academic year id is null" time="0.013">
    </testcase>
    <testcase classname="AcademicStructureService createClass should create a class under an academic year" name="AcademicStructureService createClass should create a class under an academic year" time="0.019">
    </testcase>
    <testcase classname="AcademicStructureService createClass should throw when academic year does not exist" name="AcademicStructureService createClass should throw when academic year does not exist" time="0.023">
    </testcase>
    <testcase classname="AcademicStructureService createClass should throw when academic year id is null" name="AcademicStructureService createClass should throw when academic year id is null" time="0.013">
    </testcase>
    <testcase classname="AcademicStructureService createClass should throw when class name is missing" name="AcademicStructureService createClass should throw when class name is missing" time="0.015">
    </testcase>
    <testcase classname="AcademicStructureService createClass should throw when class name already exists in same academic year" name="AcademicStructureService createClass should throw when class name already exists in same academic year" time="0.023">
    </testcase>
    <testcase classname="AcademicStructureService createClass should allow same class name in different academic years" name="AcademicStructureService createClass should allow same class name in different academic years" time="0.024">
    </testcase>
    <testcase classname="AcademicStructureService updateClass should update class name" name="AcademicStructureService updateClass should update class name" time="0.028">
    </testcase>
    <testcase classname="AcademicStructureService updateClass should throw when id is null" name="AcademicStructureService updateClass should throw when id is null" time="0.019">
    </testcase>
    <testcase classname="AcademicStructureService updateClass should throw when data is null" name="AcademicStructureService updateClass should throw when data is null" time="0.017">
    </testcase>
    <testcase classname="AcademicStructureService updateClass should throw when name is empty" name="AcademicStructureService updateClass should throw when name is empty" time="0.022">
    </testcase>
    <testcase classname="AcademicStructureService updateClass should throw on duplicate name within same year" name="AcademicStructureService updateClass should throw on duplicate name within same year" time="0.03">
    </testcase>
    <testcase classname="AcademicStructureService updateClass should reject invalid status" name="AcademicStructureService updateClass should reject invalid status" time="0.026">
    </testcase>
    <testcase classname="AcademicStructureService updateClass should activate and deactivate class" name="AcademicStructureService updateClass should activate and deactivate class" time="0.022">
    </testcase>
    <testcase classname="AcademicStructureService getClass should return a class by id" name="AcademicStructureService getClass should return a class by id" time="0.021">
    </testcase>
    <testcase classname="AcademicStructureService getClass should throw when class not found" name="AcademicStructureService getClass should throw when class not found" time="0.016">
    </testcase>
    <testcase classname="AcademicStructureService getClass should throw when id is null" name="AcademicStructureService getClass should throw when id is null" time="0.011">
    </testcase>
    <testcase classname="AcademicStructureService listClassesByAcademicYear should list classes for an academic year" name="AcademicStructureService listClassesByAcademicYear should list classes for an academic year" time="0.024">
    </testcase>
    <testcase classname="AcademicStructureService listClassesByAcademicYear should throw when academic year id is null" name="AcademicStructureService listClassesByAcademicYear should throw when academic year id is null" time="0.008">
    </testcase>
    <testcase classname="AcademicStructureService createSection should create a section under a class" name="AcademicStructureService createSection should create a section under a class" time="0.02">
    </testcase>
    <testcase classname="AcademicStructureService createSection should throw when class does not exist" name="AcademicStructureService createSection should throw when class does not exist" time="0.019">
    </testcase>
    <testcase classname="AcademicStructureService createSection should throw when class id is null" name="AcademicStructureService createSection should throw when class id is null" time="0.015">
    </testcase>
    <testcase classname="AcademicStructureService createSection should throw when section name is missing" name="AcademicStructureService createSection should throw when section name is missing" time="0.016">
    </testcase>
    <testcase classname="AcademicStructureService createSection should throw when section name already exists in same class" name="AcademicStructureService createSection should throw when section name already exists in same class" time="0.022">
    </testcase>
    <testcase classname="AcademicStructureService createSection should allow same section name in different classes" name="AcademicStructureService createSection should allow same section name in different classes" time="0.026">
    </testcase>
    <testcase classname="AcademicStructureService getSection should return a section by id" name="AcademicStructureService getSection should return a section by id" time="0.02">
    </testcase>
    <testcase classname="AcademicStructureService getSection should throw when section not found" name="AcademicStructureService getSection should throw when section not found" time="0.008">
    </testcase>
    <testcase classname="AcademicStructureService updateSection should update section name" name="AcademicStructureService updateSection should update section name" time="0.024">
    </testcase>
    <testcase classname="AcademicStructureService updateSection should throw when id is null" name="AcademicStructureService updateSection should throw when id is null" time="0.019">
    </testcase>
    <testcase classname="AcademicStructureService updateSection should throw when data is null" name="AcademicStructureService updateSection should throw when data is null" time="0.017">
    </testcase>
    <testcase classname="AcademicStructureService updateSection should throw when name is empty" name="AcademicStructureService updateSection should throw when name is empty" time="0.02">
    </testcase>
    <testcase classname="AcademicStructureService updateSection should throw on duplicate name within same class" name="AcademicStructureService updateSection should throw on duplicate name within same class" time="0.019">
    </testcase>
    <testcase classname="AcademicStructureService updateSection should reject invalid status" name="AcademicStructureService updateSection should reject invalid status" time="0.019">
    </testcase>
    <testcase classname="AcademicStructureService updateSection should activate and deactivate section" name="AcademicStructureService updateSection should activate and deactivate section" time="0.027">
    </testcase>
    <testcase classname="AcademicStructureService listSectionsByClass should list sections for a class" name="AcademicStructureService listSectionsByClass should list sections for a class" time="0.022">
    </testcase>
    <testcase classname="AcademicStructureService listSectionsByClass should throw when class id is null" name="AcademicStructureService listSectionsByClass should throw when class id is null" time="0.01">
    </testcase>
    <testcase classname="AcademicStructureService createSubject should create a subject with valid data" name="AcademicStructureService createSubject should create a subject with valid data" time="0.009">
    </testcase>
    <testcase classname="AcademicStructureService createSubject should throw when data is null" name="AcademicStructureService createSubject should throw when data is null" time="0.009">
    </testcase>
    <testcase classname="AcademicStructureService createSubject should throw when name is missing" name="AcademicStructureService createSubject should throw when name is missing" time="0.007">
    </testcase>
    <testcase classname="AcademicStructureService createSubject should throw when code is missing" name="AcademicStructureService createSubject should throw when code is missing" time="0.007">
    </testcase>
    <testcase classname="AcademicStructureService createSubject should throw when name already exists" name="AcademicStructureService createSubject should throw when name already exists" time="0.013">
    </testcase>
    <testcase classname="AcademicStructureService createSubject should throw when code already exists" name="AcademicStructureService createSubject should throw when code already exists" time="0.017">
    </testcase>
    <testcase classname="AcademicStructureService createSubject should uppercase the subject code" name="AcademicStructureService createSubject should uppercase the subject code" time="0.014">
    </testcase>
    <testcase classname="AcademicStructureService createSubject should accept description" name="AcademicStructureService createSubject should accept description" time="0.012">
    </testcase>
    <testcase classname="AcademicStructureService getSubject should return a subject by id" name="AcademicStructureService getSubject should return a subject by id" time="0.015">
    </testcase>
    <testcase classname="AcademicStructureService getSubject should throw when subject not found" name="AcademicStructureService getSubject should throw when subject not found" time="0.013">
    </testcase>
    <testcase classname="AcademicStructureService updateSubject should update subject name" name="AcademicStructureService updateSubject should update subject name" time="0.019">
    </testcase>
    <testcase classname="AcademicStructureService updateSubject should update subject code with uppercase" name="AcademicStructureService updateSubject should update subject code with uppercase" time="0.023">
    </testcase>
    <testcase classname="AcademicStructureService updateSubject should throw when id is null" name="AcademicStructureService updateSubject should throw when id is null" time="0.012">
    </testcase>
    <testcase classname="AcademicStructureService updateSubject should throw when data is null" name="AcademicStructureService updateSubject should throw when data is null" time="0.013">
    </testcase>
    <testcase classname="AcademicStructureService updateSubject should throw when name is empty" name="AcademicStructureService updateSubject should throw when name is empty" time="0.018">
    </testcase>
    <testcase classname="AcademicStructureService updateSubject should throw on duplicate name" name="AcademicStructureService updateSubject should throw on duplicate name" time="0.016">
    </testcase>
    <testcase classname="AcademicStructureService updateSubject should throw on duplicate code" name="AcademicStructureService updateSubject should throw on duplicate code" time="0.017">
    </testcase>
    <testcase classname="AcademicStructureService updateSubject should reject invalid status" name="AcademicStructureService updateSubject should reject invalid status" time="0.012">
    </testcase>
    <testcase classname="AcademicStructureService updateSubject should activate and deactivate subject" name="AcademicStructureService updateSubject should activate and deactivate subject" time="0.022">
    </testcase>
    <testcase classname="AcademicStructureService listSubjects should list all subjects" name="AcademicStructureService listSubjects should list all subjects" time="0.017">
    </testcase>
    <testcase classname="AcademicStructureService createTeacher should create a teacher with valid data" name="AcademicStructureService createTeacher should create a teacher with valid data" time="0.014">
    </testcase>
    <testcase classname="AcademicStructureService createTeacher should throw when data is null" name="AcademicStructureService createTeacher should throw when data is null" time="0.012">
    </testcase>
    <testcase classname="AcademicStructureService createTeacher should throw when first_name is missing" name="AcademicStructureService createTeacher should throw when first_name is missing" time="0.011">
    </testcase>
    <testcase classname="AcademicStructureService createTeacher should throw when last_name is missing" name="AcademicStructureService createTeacher should throw when last_name is missing" time="0.011">
    </testcase>
    <testcase classname="AcademicStructureService createTeacher should throw when employee_number is missing" name="AcademicStructureService createTeacher should throw when employee_number is missing" time="0.008">
    </testcase>
    <testcase classname="AcademicStructureService createTeacher should throw when employee_number already exists" name="AcademicStructureService createTeacher should throw when employee_number already exists" time="0.01">
    </testcase>
    <testcase classname="AcademicStructureService getTeacher should return a teacher by id" name="AcademicStructureService getTeacher should return a teacher by id" time="0.011">
    </testcase>
    <testcase classname="AcademicStructureService getTeacher should throw when teacher not found" name="AcademicStructureService getTeacher should throw when teacher not found" time="0.012">
    </testcase>
    <testcase classname="AcademicStructureService getTeacher should throw when id is null" name="AcademicStructureService getTeacher should throw when id is null" time="0.007">
    </testcase>
    <testcase classname="AcademicStructureService listTeachers should list all teachers" name="AcademicStructureService listTeachers should list all teachers" time="0.011">
    </testcase>
    <testcase classname="AcademicStructureService assignTeacher should assign a teacher to a class" name="AcademicStructureService assignTeacher should assign a teacher to a class" time="0.028">
    </testcase>
    <testcase classname="AcademicStructureService assignTeacher should throw when teacher id is null" name="AcademicStructureService assignTeacher should throw when teacher id is null" time="0.017">
    </testcase>
    <testcase classname="AcademicStructureService assignTeacher should throw when class id is null" name="AcademicStructureService assignTeacher should throw when class id is null" time="0.015">
    </testcase>
    <testcase classname="AcademicStructureService assignTeacher should throw when teacher does not exist" name="AcademicStructureService assignTeacher should throw when teacher does not exist" time="0.021">
    </testcase>
    <testcase classname="AcademicStructureService assignTeacher should throw when assigning an inactive teacher" name="AcademicStructureService assignTeacher should throw when assigning an inactive teacher" time="0.034">
    </testcase>
    <testcase classname="AcademicStructureService assignTeacher should throw when class does not exist" name="AcademicStructureService assignTeacher should throw when class does not exist" time="0.02">
    </testcase>
    <testcase classname="AcademicStructureService assignTeacher should throw when subject does not exist" name="AcademicStructureService assignTeacher should throw when subject does not exist" time="0.02">
    </testcase>
    <testcase classname="AcademicStructureService assignTeacher should throw when assigning to inactive class" name="AcademicStructureService assignTeacher should throw when assigning to inactive class" time="0.028">
    </testcase>
    <testcase classname="AcademicStructureService assignTeacher should throw on duplicate assignment for same class and subject" name="AcademicStructureService assignTeacher should throw on duplicate assignment for same class and subject" time="0.028">
    </testcase>
    <testcase classname="AcademicStructureService assignTeacher should allow same teacher in different classes" name="AcademicStructureService assignTeacher should allow same teacher in different classes" time="0.035">
    </testcase>
    <testcase classname="AcademicStructureService getAssignmentsByClass should return assignments for a class" name="AcademicStructureService getAssignmentsByClass should return assignments for a class" time="0.026">
    </testcase>
    <testcase classname="AcademicStructureService getAssignmentsByClass should throw when class id is null" name="AcademicStructureService getAssignmentsByClass should throw when class id is null" time="0.007">
    </testcase>
    <testcase classname="AcademicStructureService error propagation should propagate repository errors for getAcademicYear" name="AcademicStructureService error propagation should propagate repository errors for getAcademicYear" time="0.011">
    </testcase>
    <testcase classname="AcademicStructureService error propagation should rollback when a multi-step operation fails in a transaction" name="AcademicStructureService error propagation should rollback when a multi-step operation fails in a transaction" time="0.015">
    </testcase>
  </testsuite>
  <testsuite name="AttendanceService" errors="0" failures="0" skipped="0" timestamp="2026-07-28T19:25:03" time="5.689" tests="48">
    <testcase classname="AttendanceService recordAttendance should record Present attendance" name="AttendanceService recordAttendance should record Present attendance" time="0.398">
    </testcase>
    <testcase classname="AttendanceService recordAttendance should record Absent attendance" name="AttendanceService recordAttendance should record Absent attendance" time="0.106">
    </testcase>
    <testcase classname="AttendanceService recordAttendance should record Late attendance" name="AttendanceService recordAttendance should record Late attendance" time="0.103">
    </testcase>
    <testcase classname="AttendanceService recordAttendance should record Excused attendance" name="AttendanceService recordAttendance should record Excused attendance" time="0.11">
    </testcase>
    <testcase classname="AttendanceService recordAttendance should throw for invalid status" name="AttendanceService recordAttendance should throw for invalid status" time="0.232">
    </testcase>
    <testcase classname="AttendanceService recordAttendance should throw for non-existent student" name="AttendanceService recordAttendance should throw for non-existent student" time="0.088">
    </testcase>
    <testcase classname="AttendanceService recordAttendance should throw for inactive student" name="AttendanceService recordAttendance should throw for inactive student" time="0.113">
    </testcase>
    <testcase classname="AttendanceService recordAttendance should throw for non-existent academic year" name="AttendanceService recordAttendance should throw for non-existent academic year" time="0.1">
    </testcase>
    <testcase classname="AttendanceService recordAttendance should throw for non-existent class" name="AttendanceService recordAttendance should throw for non-existent class" time="0.077">
    </testcase>
    <testcase classname="AttendanceService recordAttendance should throw for non-existent section" name="AttendanceService recordAttendance should throw for non-existent section" time="0.076">
    </testcase>
    <testcase classname="AttendanceService recordAttendance should throw for student not enrolled in section" name="AttendanceService recordAttendance should throw for student not enrolled in section" time="0.086">
    </testcase>
    <testcase classname="AttendanceService recordAttendance should throw for empty date" name="AttendanceService recordAttendance should throw for empty date" time="0.073">
    </testcase>
    <testcase classname="AttendanceService recordAttendance should accept notes" name="AttendanceService recordAttendance should accept notes" time="0.103">
    </testcase>
    <testcase classname="AttendanceService recordAttendance should set notes to null when not provided" name="AttendanceService recordAttendance should set notes to null when not provided" time="0.078">
    </testcase>
    <testcase classname="AttendanceService duplicate protection should reject duplicate attendance for same student/date/section" name="AttendanceService duplicate protection should reject duplicate attendance for same student/date/section" time="0.101">
    </testcase>
    <testcase classname="AttendanceService duplicate protection should allow attendance for same student on different dates" name="AttendanceService duplicate protection should allow attendance for same student on different dates" time="0.057">
    </testcase>
    <testcase classname="AttendanceService duplicate protection should allow attendance for different students on same date" name="AttendanceService duplicate protection should allow attendance for different students on same date" time="0.071">
    </testcase>
    <testcase classname="AttendanceService duplicate protection should allow correction through update path" name="AttendanceService duplicate protection should allow correction through update path" time="0.075">
    </testcase>
    <testcase classname="AttendanceService getAttendance should retrieve attendance record by id" name="AttendanceService getAttendance should retrieve attendance record by id" time="0.073">
    </testcase>
    <testcase classname="AttendanceService getAttendance should throw for non-existent record" name="AttendanceService getAttendance should throw for non-existent record" time="0.048">
    </testcase>
    <testcase classname="AttendanceService getAttendance should throw when id is null or undefined" name="AttendanceService getAttendance should throw when id is null or undefined" time="0.042">
    </testcase>
    <testcase classname="AttendanceService updateAttendance should correct status from absent to present" name="AttendanceService updateAttendance should correct status from absent to present" time="0.052">
    </testcase>
    <testcase classname="AttendanceService updateAttendance should correct status from late to present" name="AttendanceService updateAttendance should correct status from late to present" time="0.047">
    </testcase>
    <testcase classname="AttendanceService updateAttendance should correct status from present to excused" name="AttendanceService updateAttendance should correct status from present to excused" time="0.048">
    </testcase>
    <testcase classname="AttendanceService updateAttendance should update notes during correction" name="AttendanceService updateAttendance should update notes during correction" time="0.049">
    </testcase>
    <testcase classname="AttendanceService updateAttendance should throw for non-existent record" name="AttendanceService updateAttendance should throw for non-existent record" time="0.043">
    </testcase>
    <testcase classname="AttendanceService updateAttendance should throw for invalid status" name="AttendanceService updateAttendance should throw for invalid status" time="0.051">
    </testcase>
    <testcase classname="AttendanceService updateAttendance should track updated_at changes" name="AttendanceService updateAttendance should track updated_at changes" time="0.043">
    </testcase>
    <testcase classname="AttendanceService getStudentAttendance should retrieve attendance for a student" name="AttendanceService getStudentAttendance should retrieve attendance for a student" time="0.062">
    </testcase>
    <testcase classname="AttendanceService getStudentAttendance should filter by status" name="AttendanceService getStudentAttendance should filter by status" time="0.059">
    </testcase>
    <testcase classname="AttendanceService getStudentAttendance should filter by date range" name="AttendanceService getStudentAttendance should filter by date range" time="0.058">
    </testcase>
    <testcase classname="AttendanceService getStudentAttendance should return empty array when no records exist" name="AttendanceService getStudentAttendance should return empty array when no records exist" time="0.039">
    </testcase>
    <testcase classname="AttendanceService getStudentAttendance should throw for invalid status filter" name="AttendanceService getStudentAttendance should throw for invalid status filter" time="0.039">
    </testcase>
    <testcase classname="AttendanceService getSectionAttendance should retrieve attendance for a section on a date" name="AttendanceService getSectionAttendance should retrieve attendance for a section on a date" time="0.046">
    </testcase>
    <testcase classname="AttendanceService getSectionAttendance should return empty array for date with no records" name="AttendanceService getSectionAttendance should return empty array for date with no records" time="0.036">
    </testcase>
    <testcase classname="AttendanceService recordDailyAttendance should atomically record attendance for multiple students" name="AttendanceService recordDailyAttendance should atomically record attendance for multiple students" time="0.049">
    </testcase>
    <testcase classname="AttendanceService recordDailyAttendance should rollback on failure" name="AttendanceService recordDailyAttendance should rollback on failure" time="0.06">
    </testcase>
    <testcase classname="AttendanceService recordDailyAttendance should rollback on duplicate" name="AttendanceService recordDailyAttendance should rollback on duplicate" time="0.06">
    </testcase>
    <testcase classname="AttendanceService recordDailyAttendance should throw for empty records array" name="AttendanceService recordDailyAttendance should throw for empty records array" time="0.03">
    </testcase>
    <testcase classname="AttendanceService recordDailyAttendance should throw for non-array records" name="AttendanceService recordDailyAttendance should throw for non-array records" time="0.038">
    </testcase>
    <testcase classname="AttendanceService getStudentSummary should calculate correct summary for known attendance history" name="AttendanceService getStudentSummary should calculate correct summary for known attendance history" time="0.066">
    </testcase>
    <testcase classname="AttendanceService getStudentSummary should calculate percentage as present/total*100" name="AttendanceService getStudentSummary should calculate percentage as present/total*100" time="0.055">
    </testcase>
    <testcase classname="AttendanceService getStudentSummary should return zero percentage when no records" name="AttendanceService getStudentSummary should return zero percentage when no records" time="0.04">
    </testcase>
    <testcase classname="AttendanceService getStudentSummary should respect date range boundaries" name="AttendanceService getStudentSummary should respect date range boundaries" time="0.063">
    </testcase>
    <testcase classname="AttendanceService getSectionSummary should calculate aggregate counts for section on a date" name="AttendanceService getSectionSummary should calculate aggregate counts for section on a date" time="0.047">
    </testcase>
    <testcase classname="AttendanceService getSectionSummary should return zeros when no attendance recorded" name="AttendanceService getSectionSummary should return zeros when no attendance recorded" time="0.036">
    </testcase>
    <testcase classname="AttendanceService getSectionSummary should report present_percentage correctly" name="AttendanceService getSectionSummary should report present_percentage correctly" time="0.05">
    </testcase>
    <testcase classname="AttendanceService error propagation should propagate repository errors" name="AttendanceService error propagation should propagate repository errors" time="0.058">
    </testcase>
  </testsuite>
  <testsuite name="FeeService" errors="0" failures="0" skipped="0" timestamp="2026-07-28T19:25:03" time="7.507" tests="90">
    <testcase classname="FeeService createFeeType should create a fee type" name="FeeService createFeeType should create a fee type" time="0.381">
    </testcase>
    <testcase classname="FeeService createFeeType should trim fee type name" name="FeeService createFeeType should trim fee type name" time="0.099">
    </testcase>
    <testcase classname="FeeService createFeeType should throw for duplicate name" name="FeeService createFeeType should throw for duplicate name" time="0.268">
    </testcase>
    <testcase classname="FeeService createFeeType should throw for empty name" name="FeeService createFeeType should throw for empty name" time="0.085">
    </testcase>
    <testcase classname="FeeService createFeeType should throw for null name" name="FeeService createFeeType should throw for null name" time="0.091">
    </testcase>
    <testcase classname="FeeService createFeeType should throw for missing name" name="FeeService createFeeType should throw for missing name" time="0.08">
    </testcase>
    <testcase classname="FeeService createFeeType should throw for non-object data" name="FeeService createFeeType should throw for non-object data" time="0.075">
    </testcase>
    <testcase classname="FeeService createFeeType should throw for null data" name="FeeService createFeeType should throw for null data" time="0.079">
    </testcase>
    <testcase classname="FeeService createFeeType should set description when provided" name="FeeService createFeeType should set description when provided" time="0.106">
    </testcase>
    <testcase classname="FeeService createFeeType should set description to null when not provided" name="FeeService createFeeType should set description to null when not provided" time="0.067">
    </testcase>
    <testcase classname="FeeService getFeeType should retrieve a fee type by id" name="FeeService getFeeType should retrieve a fee type by id" time="0.068">
    </testcase>
    <testcase classname="FeeService getFeeType should throw for non-existent id" name="FeeService getFeeType should throw for non-existent id" time="0.084">
    </testcase>
    <testcase classname="FeeService getFeeType should throw when id is null or undefined" name="FeeService getFeeType should throw when id is null or undefined" time="0.077">
    </testcase>
    <testcase classname="FeeService updateFeeType should update fee type name" name="FeeService updateFeeType should update fee type name" time="0.079">
    </testcase>
    <testcase classname="FeeService updateFeeType should update fee type description" name="FeeService updateFeeType should update fee type description" time="0.092">
    </testcase>
    <testcase classname="FeeService updateFeeType should deactivate a fee type" name="FeeService updateFeeType should deactivate a fee type" time="0.089">
    </testcase>
    <testcase classname="FeeService updateFeeType should throw for duplicate name on rename" name="FeeService updateFeeType should throw for duplicate name on rename" time="0.055">
    </testcase>
    <testcase classname="FeeService updateFeeType should throw for invalid status" name="FeeService updateFeeType should throw for invalid status" time="0.052">
    </testcase>
    <testcase classname="FeeService updateFeeType should throw for empty name" name="FeeService updateFeeType should throw for empty name" time="0.056">
    </testcase>
    <testcase classname="FeeService updateFeeType should throw for no fields to update" name="FeeService updateFeeType should throw for no fields to update" time="0.055">
    </testcase>
    <testcase classname="FeeService updateFeeType should throw for non-existent id" name="FeeService updateFeeType should throw for non-existent id" time="0.054">
    </testcase>
    <testcase classname="FeeService deactivateFeeType should set status to inactive" name="FeeService deactivateFeeType should set status to inactive" time="0.068">
    </testcase>
    <testcase classname="FeeService listFeeTypes should list all fee types" name="FeeService listFeeTypes should list all fee types" time="0.05">
    </testcase>
    <testcase classname="FeeService listFeeTypes should filter by status" name="FeeService listFeeTypes should filter by status" time="0.057">
    </testcase>
    <testcase classname="FeeService listFeeTypes should throw for invalid status filter" name="FeeService listFeeTypes should throw for invalid status filter" time="0.037">
    </testcase>
    <testcase classname="FeeService listFeeTypes should return empty array when no fee types exist" name="FeeService listFeeTypes should return empty array when no fee types exist" time="0.035">
    </testcase>
    <testcase classname="FeeService createFeeStructure should create a fee structure" name="FeeService createFeeStructure should create a fee structure" time="0.048">
    </testcase>
    <testcase classname="FeeService createFeeStructure should throw for missing academic_year_id" name="FeeService createFeeStructure should throw for missing academic_year_id" time="0.037">
    </testcase>
    <testcase classname="FeeService createFeeStructure should throw for missing class_id" name="FeeService createFeeStructure should throw for missing class_id" time="0.041">
    </testcase>
    <testcase classname="FeeService createFeeStructure should throw for missing fee_type_id" name="FeeService createFeeStructure should throw for missing fee_type_id" time="0.039">
    </testcase>
    <testcase classname="FeeService createFeeStructure should throw for missing amount" name="FeeService createFeeStructure should throw for missing amount" time="0.037">
    </testcase>
    <testcase classname="FeeService createFeeStructure should throw for non-positive amount" name="FeeService createFeeStructure should throw for non-positive amount" time="0.047">
    </testcase>
    <testcase classname="FeeService createFeeStructure should throw for non-integer amount" name="FeeService createFeeStructure should throw for non-integer amount" time="0.048">
    </testcase>
    <testcase classname="FeeService createFeeStructure should throw for non-existent academic year" name="FeeService createFeeStructure should throw for non-existent academic year" time="0.044">
    </testcase>
    <testcase classname="FeeService createFeeStructure should throw for inactive academic year" name="FeeService createFeeStructure should throw for inactive academic year" time="0.05">
    </testcase>
    <testcase classname="FeeService createFeeStructure should throw for non-existent class" name="FeeService createFeeStructure should throw for non-existent class" time="0.044">
    </testcase>
    <testcase classname="FeeService createFeeStructure should throw for non-existent fee type" name="FeeService createFeeStructure should throw for non-existent fee type" time="0.046">
    </testcase>
    <testcase classname="FeeService createFeeStructure should throw for inactive fee type" name="FeeService createFeeStructure should throw for inactive fee type" time="0.044">
    </testcase>
    <testcase classname="FeeService createFeeStructure should throw for duplicate structure" name="FeeService createFeeStructure should throw for duplicate structure" time="0.045">
    </testcase>
    <testcase classname="FeeService createFeeStructure should accept optional frequency" name="FeeService createFeeStructure should accept optional frequency" time="0.037">
    </testcase>
    <testcase classname="FeeService getFeeStructure should retrieve a fee structure by id" name="FeeService getFeeStructure should retrieve a fee structure by id" time="0.06">
    </testcase>
    <testcase classname="FeeService getFeeStructure should throw for non-existent id" name="FeeService getFeeStructure should throw for non-existent id" time="0.033">
    </testcase>
    <testcase classname="FeeService getFeeStructure should throw when id is null or undefined" name="FeeService getFeeStructure should throw when id is null or undefined" time="0.031">
    </testcase>
    <testcase classname="FeeService updateFeeStructure should update amount" name="FeeService updateFeeStructure should update amount" time="0.059">
    </testcase>
    <testcase classname="FeeService updateFeeStructure should update status" name="FeeService updateFeeStructure should update status" time="0.058">
    </testcase>
    <testcase classname="FeeService updateFeeStructure should throw for no fields to update" name="FeeService updateFeeStructure should throw for no fields to update" time="0.051">
    </testcase>
    <testcase classname="FeeService updateFeeStructure should throw for non-existent id" name="FeeService updateFeeStructure should throw for non-existent id" time="0.038">
    </testcase>
    <testcase classname="FeeService listFeeStructures should list all fee structures" name="FeeService listFeeStructures should list all fee structures" time="0.051">
    </testcase>
    <testcase classname="FeeService listFeeStructures should filter by academic_year_id" name="FeeService listFeeStructures should filter by academic_year_id" time="0.05">
    </testcase>
    <testcase classname="FeeService listFeeStructures should return empty array when no structures exist" name="FeeService listFeeStructures should return empty array when no structures exist" time="0.035">
    </testcase>
    <testcase classname="FeeService getStudentFees should retrieve applicable fee structures for a student" name="FeeService getStudentFees should retrieve applicable fee structures for a student" time="0.055">
    </testcase>
    <testcase classname="FeeService getStudentFees should throw for non-existent student" name="FeeService getStudentFees should throw for non-existent student" time="0.038">
    </testcase>
    <testcase classname="FeeService getStudentFees should throw for non-existent academic year" name="FeeService getStudentFees should throw for non-existent academic year" time="0.044">
    </testcase>
    <testcase classname="FeeService getStudentFees should throw for unenrolled student" name="FeeService getStudentFees should throw for unenrolled student" time="0.033">
    </testcase>
    <testcase classname="FeeService getStudentFees should return empty array when no fee structures exist" name="FeeService getStudentFees should return empty array when no fee structures exist" time="0.033">
    </testcase>
    <testcase classname="FeeService createFeeDues should create fee dues from active structures" name="FeeService createFeeDues should create fee dues from active structures" time="0.053">
    </testcase>
    <testcase classname="FeeService createFeeDues should throw for non-existent student" name="FeeService createFeeDues should throw for non-existent student" time="0.029">
    </testcase>
    <testcase classname="FeeService createFeeDues should throw for non-existent academic year" name="FeeService createFeeDues should throw for non-existent academic year" time="0.035">
    </testcase>
    <testcase classname="FeeService createFeeDues should throw for unenrolled student" name="FeeService createFeeDues should throw for unenrolled student" time="0.037">
    </testcase>
    <testcase classname="FeeService createFeeDues should throw for inactive enrollment" name="FeeService createFeeDues should throw for inactive enrollment" time="0.051">
    </testcase>
    <testcase classname="FeeService createFeeDues should throw when no active fee structures found" name="FeeService createFeeDues should throw when no active fee structures found" time="0.036">
    </testcase>
    <testcase classname="FeeService createFeeDues should rollback on duplicate fee due in same transaction" name="FeeService createFeeDues should rollback on duplicate fee due in same transaction" time="0.067">
    </testcase>
    <testcase classname="FeeService recordPayment should record a full payment and mark as paid" name="FeeService recordPayment should record a full payment and mark as paid" time="0.065">
    </testcase>
    <testcase classname="FeeService recordPayment should record a partial payment" name="FeeService recordPayment should record a partial payment" time="0.061">
    </testcase>
    <testcase classname="FeeService recordPayment should allow multiple partial payments leading to paid" name="FeeService recordPayment should allow multiple partial payments leading to paid" time="0.082">
    </testcase>
    <testcase classname="FeeService recordPayment should throw for non-existent student" name="FeeService recordPayment should throw for non-existent student" time="0.032">
    </testcase>
    <testcase classname="FeeService recordPayment should throw for non-existent fee due" name="FeeService recordPayment should throw for non-existent fee due" time="0.034">
    </testcase>
    <testcase classname="FeeService recordPayment should throw for payment exceeding outstanding balance" name="FeeService recordPayment should throw for payment exceeding outstanding balance" time="0.056">
    </testcase>
    <testcase classname="FeeService recordPayment should throw when paying a different student&apos;s due" name="FeeService recordPayment should throw when paying a different student&apos;s due" time="0.067">
    </testcase>
    <testcase classname="FeeService recordPayment should throw for already fully paid due" name="FeeService recordPayment should throw for already fully paid due" time="0.063">
    </testcase>
    <testcase classname="FeeService recordPayment should throw for duplicate receipt number" name="FeeService recordPayment should throw for duplicate receipt number" time="0.066">
    </testcase>
    <testcase classname="FeeService recordPayment should throw for non-integer amount" name="FeeService recordPayment should throw for non-integer amount" time="0.055">
    </testcase>
    <testcase classname="FeeService recordPayment should throw for zero amount" name="FeeService recordPayment should throw for zero amount" time="0.055">
    </testcase>
    <testcase classname="FeeService getPayment should retrieve a payment by id" name="FeeService getPayment should retrieve a payment by id" time="0.064">
    </testcase>
    <testcase classname="FeeService getPayment should throw for non-existent id" name="FeeService getPayment should throw for non-existent id" time="0.032">
    </testcase>
    <testcase classname="FeeService getPayment should throw when id is null or undefined" name="FeeService getPayment should throw when id is null or undefined" time="0.034">
    </testcase>
    <testcase classname="FeeService getStudentPayments should retrieve all payments for a student" name="FeeService getStudentPayments should retrieve all payments for a student" time="0.059">
    </testcase>
    <testcase classname="FeeService getStudentPayments should return empty array for student with no payments" name="FeeService getStudentPayments should return empty array for student with no payments" time="0.029">
    </testcase>
    <testcase classname="FeeService getFeeDuePayments should retrieve all payments for a specific fee due" name="FeeService getFeeDuePayments should retrieve all payments for a specific fee due" time="0.067">
    </testcase>
    <testcase classname="FeeService getPaymentsByDateRange should retrieve payments within a date range" name="FeeService getPaymentsByDateRange should retrieve payments within a date range" time="0.061">
    </testcase>
    <testcase classname="FeeService getPaymentsByDateRange should return empty array for date range with no payments" name="FeeService getPaymentsByDateRange should return empty array for date range with no payments" time="0.033">
    </testcase>
    <testcase classname="FeeService getPaymentsByDateRange should throw for missing dates" name="FeeService getPaymentsByDateRange should throw for missing dates" time="0.027">
    </testcase>
    <testcase classname="FeeService getPaymentByReceiptNumber should retrieve a payment by receipt number" name="FeeService getPaymentByReceiptNumber should retrieve a payment by receipt number" time="0.06">
    </testcase>
    <testcase classname="FeeService getPaymentByReceiptNumber should throw for non-existent receipt number" name="FeeService getPaymentByReceiptNumber should throw for non-existent receipt number" time="0.029">
    </testcase>
    <testcase classname="FeeService getPaymentByReceiptNumber should throw for empty receipt number" name="FeeService getPaymentByReceiptNumber should throw for empty receipt number" time="0.034">
    </testcase>
    <testcase classname="FeeService getStudentFinancialSummary should compute correct summary for a student" name="FeeService getStudentFinancialSummary should compute correct summary for a student" time="0.058">
    </testcase>
    <testcase classname="FeeService getStudentFinancialSummary should return zero summary when no dues exist" name="FeeService getStudentFinancialSummary should return zero summary when no dues exist" time="0.031">
    </testcase>
    <testcase classname="FeeService getClassFinancialSummary should compute correct summary for a class" name="FeeService getClassFinancialSummary should compute correct summary for a class" time="0.069">
    </testcase>
    <testcase classname="FeeService getClassFinancialSummary should return zero summary when no enrollments" name="FeeService getClassFinancialSummary should return zero summary when no enrollments" time="0.037">
    </testcase>
    <testcase classname="FeeService atomicity should rollback payment if fee due update fails" name="FeeService atomicity should rollback payment if fee due update fails" time="0.063">
    </testcase>
  </testsuite>
</testsuites>